\BOOKMARK [1][-]{section*.1}{\376\377\000R\000e\000s\000u\000m\000e\000n}{}% 1
\BOOKMARK [1][-]{section.1}{\376\377\0001\000\040\000R\000e\000s\000u\000m\000e\000n}{}% 2
\BOOKMARK [1][-]{section.2}{\376\377\0002\000\040\000I\000n\000t\000r\000o\000d\000u\000c\000c\000i\000\363\000n}{}% 3
\BOOKMARK [1][-]{section.3}{\376\377\0003\000\040\000F\000u\000n\000d\000a\000m\000e\000n\000t\000a\000c\000i\000\363\000n\000\040\000T\000e\000\363\000r\000i\000c\000a}{}% 4
\BOOKMARK [1][-]{section.4}{\376\377\0004\000\040\000M\000e\000t\000o\000d\000o\000l\000o\000g\000\355\000a}{}% 5
\BOOKMARK [2][-]{subsection.4.1}{\376\377\0004\000.\0001\000\040\000F\000a\000s\000e\000\040\0001\000-\000\040\000R\000e\000c\000o\000l\000e\000c\000c\000i\000\363\000n\000\040\000y\000\040\000c\000o\000n\000s\000t\000r\000u\000c\000c\000i\000\363\000n\000\040\000d\000e\000l\000\040\000t\000h\000e\000s\000a\000u\000r\000u\000s}{section.4}% 6
\BOOKMARK [2][-]{subsection.4.2}{\376\377\0004\000.\0002\000\040\000F\000a\000s\000e\000\040\0002\000-\000\040\000A\000n\000\341\000l\000i\000s\000i\000s\000\040\000c\000u\000a\000l\000i\000t\000a\000t\000i\000v\000o\000\040\000d\000e\000\040\000l\000a\000\040\000e\000v\000i\000d\000e\000n\000c\000i\000a\000\040\000\050\000s\000\355\000n\000t\000e\000s\000i\000s\000\040\000d\000e\000l\000\040\000t\000h\000e\000s\000a\000u\000r\000u\000s\000\051}{section.4}% 7
\BOOKMARK [2][-]{subsection.4.3}{\376\377\0004\000.\0003\000\040\000F\000a\000s\000e\000\040\0003\000-\000\040\000D\000i\000s\000e\000\361\000o\000\040\000y\000\040\000d\000e\000s\000a\000r\000r\000o\000l\000l\000o\000\040\000d\000e\000l\000\040\000s\000i\000s\000t\000e\000m\000a}{section.4}% 8
\BOOKMARK [1][-]{section.5}{\376\377\0005\000\040\000D\000i\000s\000e\000\361\000o\000\040\000y\000\040\000d\000e\000s\000a\000r\000r\000o\000l\000l\000o\000\040\000d\000e\000l\000\040\000s\000i\000s\000t\000e\000m\000a}{}% 9
\BOOKMARK [1][-]{section.6}{\376\377\0006\000\040\000R\000e\000s\000u\000l\000t\000a\000d\000o\000s}{}% 10
\BOOKMARK [2][-]{subsection.6.1}{\376\377\0006\000.\0001\000\040\000P\000r\000o\000g\000r\000a\000m\000a\000c\000i\000\363\000n\000\040\000O\000r\000i\000e\000n\000t\000a\000d\000a\000\040\000a\000\040\000O\000b\000j\000e\000t\000o\000s\000\040\000\050\000P\000O\000O\000\051\000\040\000y\000\040\000M\000o\000d\000e\000l\000o\040\023\000V\000i\000s\000t\000a\040\023\000C\000o\000n\000t\000r\000o\000l\000a\000d\000o\000r\000\040\000\050\000M\000V\000C\000\051}{section.6}% 11
\BOOKMARK [2][-]{subsection.6.2}{\376\377\0006\000.\0002\000\040\000F\000r\000a\000m\000e\000w\000o\000r\000k\000s\000\040\000b\000a\000c\000k\000e\000n\000d\000\040\000\050\000N\000o\000d\000e\000.\000j\000s\000\040\000y\000\040\000S\000p\000r\000i\000n\000g\000\040\000B\000o\000o\000t\000\051}{section.6}% 12
\BOOKMARK [2][-]{subsection.6.3}{\376\377\0006\000.\0003\000\040\000M\000e\000t\000o\000d\000o\000l\000o\000g\000\355\000a\000\040\000S\000c\000r\000u\000m}{section.6}% 13
\BOOKMARK [2][-]{subsection.6.4}{\376\377\0006\000.\0004\000\040\000L\000a\000s\000\040\000b\000a\000s\000e\000s\000\040\000d\000e\000\040\000d\000a\000t\000o\000s}{section.6}% 14
\BOOKMARK [1][-]{section.7}{\376\377\0007\000\040\000D\000i\000s\000c\000u\000s\000i\000\363\000n}{}% 15
\BOOKMARK [1][-]{section.8}{\376\377\0008\000\040\000C\000o\000n\000c\000l\000u\000s\000i\000\363\000n}{}% 16
\BOOKMARK [1][-]{appendix.Alph1}{\376\377\000A\000\040\000A\000g\000r\000a\000d\000e\000c\000i\000m\000i\000e\000n\000t\000o\000s}{}% 17
\BOOKMARK [1][-]{appendix.Alph2}{\376\377\000B\000\040\000C\000o\000n\000f\000l\000i\000c\000t\000o\000s\000\040\000d\000e\000\040\000i\000n\000t\000e\000r\000\351\000s\000\040\000/\000\040\000D\000e\000c\000l\000a\000r\000a\000c\000i\000\363\000n\000\040\000\351\000t\000i\000c\000a}{}% 18
\BOOKMARK [1][-]{appendix.Alph3}{\376\377\000C\000\040\000C\000o\000n\000t\000r\000i\000b\000u\000c\000i\000o\000n\000e\000s\000\040\000d\000e\000\040\000l\000o\000s\000\040\000a\000u\000t\000o\000r\000e\000s\000\040\000\050\000C\000R\000e\000d\000i\000T\000\051}{}% 19
\BOOKMARK [1][-]{section*.9}{\376\377\000R\000e\000f\000e\000r\000e\000n\000c\000i\000a\000s}{}% 20
